// Vitest Snapshot v1, https://vitest.dev/guide/snapshot.html

exports[`paginate — 'certificate' golden snapshot (E3-S7) > matches the committed page-model snapshot 1`] = `
{
  "geometry": {
    "dpi": 96,
    "pageMm": {
      "heightMm": 210,
      "widthMm": 297,
    },
    "pagePx": {
      "heightPx": 793.7007874015749,
      "widthPx": 1122.5196850393702,
    },
    "printable": {
      "bottomMm": 20,
      "bottomPx": 75.59055118110237,
      "leftMm": 15,
      "leftPx": 56.69291338582678,
      "rightMm": 15,
      "rightPx": 56.69291338582678,
      "sizeMm": {
        "heightMm": 170,
        "widthMm": 267,
      },
      "sizePx": {
        "heightPx": 642.5196850393702,
        "widthPx": 1009.1338582677166,
      },
      "topMm": 20,
      "topPx": 75.59055118110237,
    },
  },
  "pageCount": 1,
  "pages": [
    {
      "elements": [
        {
          "band": "body",
          "boxPx": {
            "hPx": 718.1102362204724,
            "wPx": 1046.9291338582677,
            "xPx": 37.795275590551185,
            "yPx": 37.795275590551185,
          },
          "clippedPx": {
            "hPx": 718.1102362204724,
            "wPx": 1046.9291338582677,
            "xPx": 37.795275590551185,
            "yPx": 37.795275590551185,
          },
          "frameMm": {
            "hMm": 190,
            "wMm": 277,
            "xMm": 10,
            "yMm": 10,
          },
          "id": "el_cert_border",
          "order": 0,
          "overflowsPage": false,
          "resolvedText": null,
          "type": "shape",
          "z": 0,
        },
        {
          "band": "body",
          "boxPx": {
            "hPx": 0,
            "wPx": 820.1574803149607,
            "xPx": 151.18110236220474,
            "yPx": 279.68503937007875,
          },
          "clippedPx": {
            "hPx": 0,
            "wPx": 820.1574803149607,
            "xPx": 151.18110236220474,
            "yPx": 279.68503937007875,
          },
          "frameMm": {
            "hMm": 0,
            "wMm": 217,
            "xMm": 40,
            "yMm": 74,
          },
          "id": "el_cert_rule",
          "order": 1,
          "overflowsPage": false,
          "resolvedText": null,
          "type": "shape",
          "z": 1,
        },
        {
          "band": "body",
          "boxPx": {
            "hPx": 151.18110236220474,
            "wPx": 151.18110236220474,
            "xPx": 483.7795275590551,
            "yPx": 566.9291338582677,
          },
          "clippedPx": {
            "hPx": 151.18110236220474,
            "wPx": 151.18110236220474,
            "xPx": 483.7795275590551,
            "yPx": 566.9291338582677,
          },
          "frameMm": {
            "hMm": 40,
            "wMm": 40,
            "xMm": 128,
            "yMm": 150,
          },
          "id": "el_cert_seal",
          "order": 2,
          "overflowsPage": false,
          "resolvedText": null,
          "type": "shape",
          "z": 1,
        },
        {
          "band": "body",
          "boxPx": {
            "hPx": 52.91338582677166,
            "wPx": 151.18110236220474,
            "xPx": 483.7795275590551,
            "yPx": 83.14960629921259,
          },
          "clippedPx": {
            "hPx": 52.91338582677166,
            "wPx": 151.18110236220474,
            "xPx": 483.7795275590551,
            "yPx": 83.14960629921259,
          },
          "frameMm": {
            "hMm": 14,
            "wMm": 40,
            "xMm": 128,
            "yMm": 22,
          },
          "id": "el_cert_logo",
          "order": 3,
          "overflowsPage": false,
          "resolvedText": null,
          "type": "image",
          "z": 2,
        },
        {
          "band": "body",
          "boxPx": {
            "hPx": 60.47244094488189,
            "wPx": 820.1574803149607,
            "xPx": 151.18110236220474,
            "yPx": 166.29921259842519,
          },
          "clippedPx": {
            "hPx": 60.47244094488189,
            "wPx": 820.1574803149607,
            "xPx": 151.18110236220474,
            "yPx": 166.29921259842519,
          },
          "frameMm": {
            "hMm": 16,
            "wMm": 217,
            "xMm": 40,
            "yMm": 44,
          },
          "id": "el_cert_title",
          "order": 4,
          "overflowsPage": false,
          "resolvedText": null,
          "type": "text",
          "z": 2,
        },
        {
          "band": "body",
          "boxPx": {
            "hPx": 30.236220472440944,
            "wPx": 820.1574803149607,
            "xPx": 151.18110236220474,
            "yPx": 309.9212598425197,
          },
          "clippedPx": {
            "hPx": 30.236220472440944,
            "wPx": 820.1574803149607,
            "xPx": 151.18110236220474,
            "yPx": 309.9212598425197,
          },
          "frameMm": {
            "hMm": 8,
            "wMm": 217,
            "xMm": 40,
            "yMm": 82,
          },
          "id": "el_cert_presented",
          "order": 5,
          "overflowsPage": false,
          "resolvedText": null,
          "type": "text",
          "z": 2,
        },
        {
          "band": "body",
          "boxPx": {
            "hPx": 52.91338582677166,
            "wPx": 820.1574803149607,
            "xPx": 151.18110236220474,
            "yPx": 347.7165354330709,
          },
          "clippedPx": {
            "hPx": 52.91338582677166,
            "wPx": 820.1574803149607,
            "xPx": 151.18110236220474,
            "yPx": 347.7165354330709,
          },
          "frameMm": {
            "hMm": 14,
            "wMm": 217,
            "xMm": 40,
            "yMm": 92,
          },
          "id": "el_cert_recipient",
          "order": 6,
          "overflowsPage": false,
          "resolvedText": null,
          "type": "text",
          "z": 2,
        },
        {
          "band": "body",
          "boxPx": {
            "hPx": 30.236220472440944,
            "wPx": 820.1574803149607,
            "xPx": 151.18110236220474,
            "yPx": 415.74803149606305,
          },
          "clippedPx": {
            "hPx": 30.236220472440944,
            "wPx": 820.1574803149607,
            "xPx": 151.18110236220474,
            "yPx": 415.74803149606305,
          },
          "frameMm": {
            "hMm": 8,
            "wMm": 217,
            "xMm": 40,
            "yMm": 110,
          },
          "id": "el_cert_course_intro",
          "order": 7,
          "overflowsPage": false,
          "resolvedText": null,
          "type": "text",
          "z": 2,
        },
        {
          "band": "body",
          "boxPx": {
            "hPx": 37.795275590551185,
            "wPx": 820.1574803149607,
            "xPx": 151.18110236220474,
            "yPx": 453.5433070866142,
          },
          "clippedPx": {
            "hPx": 37.795275590551185,
            "wPx": 820.1574803149607,
            "xPx": 151.18110236220474,
            "yPx": 453.5433070866142,
          },
          "frameMm": {
            "hMm": 10,
            "wMm": 217,
            "xMm": 40,
            "yMm": 120,
          },
          "id": "el_cert_course",
          "order": 8,
          "overflowsPage": false,
          "resolvedText": null,
          "type": "text",
          "z": 2,
        },
        {
          "band": "body",
          "boxPx": {
            "hPx": 30.236220472440944,
            "wPx": 415.74803149606305,
            "xPx": 151.18110236220474,
            "yPx": 521.5748031496063,
          },
          "clippedPx": {
            "hPx": 30.236220472440944,
            "wPx": 415.74803149606305,
            "xPx": 151.18110236220474,
            "yPx": 521.5748031496063,
          },
          "frameMm": {
            "hMm": 8,
            "wMm": 110,
            "xMm": 40,
            "yMm": 138,
          },
          "id": "el_cert_date",
          "order": 9,
          "overflowsPage": false,
          "resolvedText": null,
          "type": "text",
          "z": 2,
        },
        {
          "band": "body",
          "boxPx": {
            "hPx": 30.236220472440944,
            "wPx": 415.74803149606305,
            "xPx": 555.5905511811025,
            "yPx": 521.5748031496063,
          },
          "clippedPx": {
            "hPx": 30.236220472440944,
            "wPx": 415.74803149606305,
            "xPx": 555.5905511811025,
            "yPx": 521.5748031496063,
          },
          "frameMm": {
            "hMm": 8,
            "wMm": 110,
            "xMm": 147,
            "yMm": 138,
          },
          "id": "el_cert_signatory",
          "order": 10,
          "overflowsPage": false,
          "resolvedText": null,
          "type": "text",
          "z": 2,
        },
        {
          "band": "body",
          "boxPx": {
            "hPx": 30.236220472440944,
            "wPx": 151.18110236220474,
            "xPx": 483.7795275590551,
            "yPx": 627.4015748031496,
          },
          "clippedPx": {
            "hPx": 30.236220472440944,
            "wPx": 151.18110236220474,
            "xPx": 483.7795275590551,
            "yPx": 627.4015748031496,
          },
          "frameMm": {
            "hMm": 8,
            "wMm": 40,
            "xMm": 128,
            "yMm": 166,
          },
          "id": "el_cert_seal_label",
          "order": 11,
          "overflowsPage": false,
          "resolvedText": null,
          "type": "text",
          "z": 3,
        },
      ],
      "footer": [],
      "header": [],
      "index": 0,
      "pageNumber": 1,
      "tables": [],
    },
  ],
  "watermark": null,
}
`;

exports[`paginate — 'invoice' golden snapshot (E3-S7) > matches the committed page-model snapshot 1`] = `
{
  "geometry": {
    "dpi": 96,
    "pageMm": {
      "heightMm": 297,
      "widthMm": 210,
    },
    "pagePx": {
      "heightPx": 1122.5196850393702,
      "widthPx": 793.7007874015749,
    },
    "printable": {
      "bottomMm": 20,
      "bottomPx": 75.59055118110237,
      "leftMm": 15,
      "leftPx": 56.69291338582678,
      "rightMm": 15,
      "rightPx": 56.69291338582678,
      "sizeMm": {
        "heightMm": 257,
        "widthMm": 180,
      },
      "sizePx": {
        "heightPx": 971.3385826771653,
        "widthPx": 680.3149606299213,
      },
      "topMm": 20,
      "topPx": 75.59055118110237,
    },
  },
  "pageCount": 1,
  "pages": [
    {
      "elements": [
        {
          "band": "body",
          "boxPx": {
            "hPx": 0,
            "wPx": 680.3149606299213,
            "xPx": 56.69291338582678,
            "yPx": 257.00787401574803,
          },
          "clippedPx": {
            "hPx": 0,
            "wPx": 680.3149606299213,
            "xPx": 56.69291338582678,
            "yPx": 257.00787401574803,
          },
          "frameMm": {
            "hMm": 0,
            "wMm": 180,
            "xMm": 15,
            "yMm": 68,
          },
          "id": "el_inv_rule",
          "order": 6,
          "overflowsPage": false,
          "resolvedText": null,
          "type": "shape",
          "z": 0,
        },
        {
          "band": "body",
          "boxPx": {
            "hPx": 45.35433070866142,
            "wPx": 377.9527559055118,
            "xPx": 56.69291338582678,
            "yPx": 60.47244094488189,
          },
          "clippedPx": {
            "hPx": 45.35433070866142,
            "wPx": 377.9527559055118,
            "xPx": 56.69291338582678,
            "yPx": 60.47244094488189,
          },
          "frameMm": {
            "hMm": 12,
            "wMm": 100,
            "xMm": 15,
            "yMm": 16,
          },
          "id": "el_inv_title",
          "order": 0,
          "overflowsPage": false,
          "resolvedText": null,
          "type": "text",
          "z": 1,
        },
        {
          "band": "body",
          "boxPx": {
            "hPx": 30.236220472440944,
            "wPx": 245.6692913385827,
            "xPx": 491.3385826771654,
            "yPx": 68.03149606299213,
          },
          "clippedPx": {
            "hPx": 30.236220472440944,
            "wPx": 245.6692913385827,
            "xPx": 491.3385826771654,
            "yPx": 68.03149606299213,
          },
          "frameMm": {
            "hMm": 8,
            "wMm": 65,
            "xMm": 130,
            "yMm": 18,
          },
          "id": "el_inv_number",
          "order": 1,
          "overflowsPage": false,
          "resolvedText": null,
          "type": "text",
          "z": 1,
        },
        {
          "band": "body",
          "boxPx": {
            "hPx": 22.67716535433071,
            "wPx": 245.6692913385827,
            "xPx": 491.3385826771654,
            "yPx": 98.26771653543307,
          },
          "clippedPx": {
            "hPx": 22.67716535433071,
            "wPx": 245.6692913385827,
            "xPx": 491.3385826771654,
            "yPx": 98.26771653543307,
          },
          "frameMm": {
            "hMm": 6,
            "wMm": 65,
            "xMm": 130,
            "yMm": 26,
          },
          "id": "el_inv_date",
          "order": 2,
          "overflowsPage": false,
          "resolvedText": null,
          "type": "text",
          "z": 1,
        },
        {
          "band": "body",
          "boxPx": {
            "hPx": 18.897637795275593,
            "wPx": 302.3622047244095,
            "xPx": 56.69291338582678,
            "yPx": 143.6220472440945,
          },
          "clippedPx": {
            "hPx": 18.897637795275593,
            "wPx": 302.3622047244095,
            "xPx": 56.69291338582678,
            "yPx": 143.6220472440945,
          },
          "frameMm": {
            "hMm": 5,
            "wMm": 80,
            "xMm": 15,
            "yMm": 38,
          },
          "id": "el_inv_bill_to_label",
          "order": 3,
          "overflowsPage": false,
          "resolvedText": null,
          "type": "text",
          "z": 1,
        },
        {
          "band": "body",
          "boxPx": {
            "hPx": 22.67716535433071,
            "wPx": 340.15748031496065,
            "xPx": 56.69291338582678,
            "yPx": 166.29921259842519,
          },
          "clippedPx": {
            "hPx": 22.67716535433071,
            "wPx": 340.15748031496065,
            "xPx": 56.69291338582678,
            "yPx": 166.29921259842519,
          },
          "frameMm": {
            "hMm": 6,
            "wMm": 90,
            "xMm": 15,
            "yMm": 44,
          },
          "id": "el_inv_customer",
          "order": 4,
          "overflowsPage": false,
          "resolvedText": null,
          "type": "text",
          "z": 1,
        },
        {
          "band": "body",
          "boxPx": {
            "hPx": 45.35433070866142,
            "wPx": 340.15748031496065,
            "xPx": 56.69291338582678,
            "yPx": 188.9763779527559,
          },
          "clippedPx": {
            "hPx": 45.35433070866142,
            "wPx": 340.15748031496065,
            "xPx": 56.69291338582678,
            "yPx": 188.9763779527559,
          },
          "frameMm": {
            "hMm": 12,
            "wMm": 90,
            "xMm": 15,
            "yMm": 50,
          },
          "id": "el_inv_customer_addr",
          "order": 5,
          "overflowsPage": false,
          "resolvedText": null,
          "type": "text",
          "z": 1,
        },
        {
          "band": "body",
          "boxPx": {
            "hPx": 30.236220472440944,
            "wPx": 188.9763779527559,
            "xPx": 415.74803149606305,
            "yPx": 944.8818897637796,
          },
          "clippedPx": {
            "hPx": 30.236220472440944,
            "wPx": 188.9763779527559,
            "xPx": 415.74803149606305,
            "yPx": 944.8818897637796,
          },
          "frameMm": {
            "hMm": 8,
            "wMm": 50,
            "xMm": 110,
            "yMm": 250,
          },
          "id": "el_inv_total_label",
          "order": 8,
          "overflowsPage": false,
          "resolvedText": null,
          "type": "text",
          "z": 1,
        },
        {
          "band": "body",
          "boxPx": {
            "hPx": 30.236220472440944,
            "wPx": 132.28346456692913,
            "xPx": 604.724409448819,
            "yPx": 944.8818897637796,
          },
          "clippedPx": {
            "hPx": 30.236220472440944,
            "wPx": 132.28346456692913,
            "xPx": 604.724409448819,
            "yPx": 944.8818897637796,
          },
          "frameMm": {
            "hMm": 8,
            "wMm": 35,
            "xMm": 160,
            "yMm": 250,
          },
          "id": "el_inv_total",
          "order": 9,
          "overflowsPage": false,
          "resolvedText": null,
          "type": "text",
          "z": 1,
        },
      ],
      "footer": [
        {
          "band": "footer",
          "boxPx": {
            "hPx": 22.67716535433071,
            "wPx": 680.3149606299213,
            "xPx": 56.69291338582678,
            "yPx": 1065.8267716535433,
          },
          "clippedPx": {
            "hPx": 22.67716535433071,
            "wPx": 680.3149606299213,
            "xPx": 56.69291338582678,
            "yPx": 1065.8267716535433,
          },
          "frameMm": {
            "hMm": 6,
            "wMm": 180,
            "xMm": 15,
            "yMm": 282,
          },
          "id": "el_inv_page",
          "order": 0,
          "overflowsPage": false,
          "resolvedText": "Page 1 of 1",
          "type": "text",
          "z": 1,
        },
      ],
      "header": [
        {
          "band": "header",
          "boxPx": {
            "hPx": 52.91338582677166,
            "wPx": 151.18110236220474,
            "xPx": 56.69291338582678,
            "yPx": 45.35433070866142,
          },
          "clippedPx": {
            "hPx": 52.91338582677166,
            "wPx": 151.18110236220474,
            "xPx": 56.69291338582678,
            "yPx": 45.35433070866142,
          },
          "frameMm": {
            "hMm": 14,
            "wMm": 40,
            "xMm": 15,
            "yMm": 12,
          },
          "id": "el_inv_logo",
          "order": 0,
          "overflowsPage": false,
          "resolvedText": null,
          "type": "image",
          "z": 1,
        },
      ],
      "index": 0,
      "pageNumber": 1,
      "tables": [
        {
          "columns": [
            {
              "align": "left",
              "key": "desc",
              "widthPx": 340.15748031496065,
              "xPx": 0,
            },
            {
              "align": "right",
              "key": "qty",
              "widthPx": 75.59055118110237,
              "xPx": 340.15748031496065,
            },
            {
              "align": "right",
              "key": "unit",
              "widthPx": 132.28346456692913,
              "xPx": 415.74803149606305,
            },
            {
              "align": "right",
              "key": "amt",
              "widthPx": 132.28346456692913,
              "xPx": 548.0314960629921,
            },
          ],
          "elementId": "el_inv_table",
          "headerRepeated": false,
          "heightPx": 117.79527559055111,
          "isFirstSlice": true,
          "isLastSlice": true,
          "overflowsPage": false,
          "rows": [
            {
              "cells": [
                {
                  "align": "left",
                  "columnKey": "desc",
                  "lineCount": 1,
                  "text": "Description",
                },
                {
                  "align": "right",
                  "columnKey": "qty",
                  "lineCount": 1,
                  "text": "Qty",
                },
                {
                  "align": "right",
                  "columnKey": "unit",
                  "lineCount": 1,
                  "text": "Unit Price",
                },
                {
                  "align": "right",
                  "columnKey": "amt",
                  "lineCount": 1,
                  "text": "Amount",
                },
              ],
              "heightPx": 23.559055118110237,
              "kind": "header",
              "yPx": 279.68503937007875,
            },
            {
              "cells": [
                {
                  "align": "left",
                  "columnKey": "desc",
                  "lineCount": 1,
                  "text": "Design consultation",
                },
                {
                  "align": "right",
                  "columnKey": "qty",
                  "lineCount": 1,
                  "text": "8",
                },
                {
                  "align": "right",
                  "columnKey": "unit",
                  "lineCount": 1,
                  "text": "$120.00",
                },
                {
                  "align": "right",
                  "columnKey": "amt",
                  "lineCount": 1,
                  "text": "$960.00",
                },
              ],
              "heightPx": 23.559055118110237,
              "index": 0,
              "kind": "detail",
              "yPx": 303.244094488189,
            },
            {
              "cells": [
                {
                  "align": "left",
                  "columnKey": "desc",
                  "lineCount": 1,
                  "text": "Template implementation",
                },
                {
                  "align": "right",
                  "columnKey": "qty",
                  "lineCount": 1,
                  "text": "1",
                },
                {
                  "align": "right",
                  "columnKey": "unit",
                  "lineCount": 1,
                  "text": "$1,500.00",
                },
                {
                  "align": "right",
                  "columnKey": "amt",
                  "lineCount": 1,
                  "text": "$1,500.00",
                },
              ],
              "heightPx": 23.559055118110237,
              "index": 1,
              "kind": "detail",
              "yPx": 326.8031496062992,
            },
            {
              "cells": [
                {
                  "align": "left",
                  "columnKey": "desc",
                  "lineCount": 1,
                  "text": "Priority support (monthly)",
                },
                {
                  "align": "right",
                  "columnKey": "qty",
                  "lineCount": 1,
                  "text": "3",
                },
                {
                  "align": "right",
                  "columnKey": "unit",
                  "lineCount": 1,
                  "text": "$200.00",
                },
                {
                  "align": "right",
                  "columnKey": "amt",
                  "lineCount": 1,
                  "text": "$600.00",
                },
              ],
              "heightPx": 23.559055118110237,
              "index": 2,
              "kind": "detail",
              "yPx": 350.3622047244094,
            },
            {
              "cells": [
                {
                  "align": "left",
                  "columnKey": "desc",
                  "lineCount": 1,
                  "text": "",
                },
                {
                  "align": "right",
                  "columnKey": "qty",
                  "lineCount": 1,
                  "text": "",
                },
                {
                  "align": "right",
                  "columnKey": "unit",
                  "lineCount": 1,
                  "text": "",
                },
                {
                  "align": "right",
                  "columnKey": "amt",
                  "lineCount": 1,
                  "text": "$3,060.00",
                },
              ],
              "heightPx": 23.559055118110237,
              "kind": "columnFooter",
              "yPx": 373.92125984251965,
            },
          ],
          "yPx": 279.68503937007875,
        },
      ],
    },
  ],
  "watermark": null,
}
`;

exports[`paginate — 'tabular-report' golden snapshot (E3-S7) > matches the committed page-model snapshot 1`] = `
{
  "geometry": {
    "dpi": 96,
    "pageMm": {
      "heightMm": 210,
      "widthMm": 297,
    },
    "pagePx": {
      "heightPx": 793.7007874015749,
      "widthPx": 1122.5196850393702,
    },
    "printable": {
      "bottomMm": 20,
      "bottomPx": 75.59055118110237,
      "leftMm": 15,
      "leftPx": 56.69291338582678,
      "rightMm": 15,
      "rightPx": 56.69291338582678,
      "sizeMm": {
        "heightMm": 170,
        "widthMm": 267,
      },
      "sizePx": {
        "heightPx": 642.5196850393702,
        "widthPx": 1009.1338582677166,
      },
      "topMm": 20,
      "topPx": 75.59055118110237,
    },
  },
  "pageCount": 1,
  "pages": [
    {
      "elements": [
        {
          "band": "body",
          "boxPx": {
            "hPx": 37.795275590551185,
            "wPx": 755.9055118110236,
            "xPx": 56.69291338582678,
            "yPx": 60.47244094488189,
          },
          "clippedPx": {
            "hPx": 37.795275590551185,
            "wPx": 755.9055118110236,
            "xPx": 56.69291338582678,
            "yPx": 60.47244094488189,
          },
          "frameMm": {
            "hMm": 10,
            "wMm": 200,
            "xMm": 15,
            "yMm": 16,
          },
          "id": "el_rpt_title",
          "order": 0,
          "overflowsPage": false,
          "resolvedText": null,
          "type": "text",
          "z": 1,
        },
        {
          "band": "body",
          "boxPx": {
            "hPx": 22.67716535433071,
            "wPx": 755.9055118110236,
            "xPx": 56.69291338582678,
            "yPx": 102.0472440944882,
          },
          "clippedPx": {
            "hPx": 22.67716535433071,
            "wPx": 755.9055118110236,
            "xPx": 56.69291338582678,
            "yPx": 102.0472440944882,
          },
          "frameMm": {
            "hMm": 6,
            "wMm": 200,
            "xMm": 15,
            "yMm": 27,
          },
          "id": "el_rpt_period",
          "order": 1,
          "overflowsPage": false,
          "resolvedText": null,
          "type": "text",
          "z": 1,
        },
      ],
      "footer": [
        {
          "band": "footer",
          "boxPx": {
            "hPx": 22.67716535433071,
            "wPx": 1009.1338582677166,
            "xPx": 56.69291338582678,
            "yPx": 755.9055118110236,
          },
          "clippedPx": {
            "hPx": 22.67716535433071,
            "wPx": 1009.1338582677166,
            "xPx": 56.69291338582678,
            "yPx": 755.9055118110236,
          },
          "frameMm": {
            "hMm": 6,
            "wMm": 267,
            "xMm": 15,
            "yMm": 200,
          },
          "id": "el_rpt_page",
          "order": 0,
          "overflowsPage": false,
          "resolvedText": "Page 1 of 1",
          "type": "text",
          "z": 1,
        },
      ],
      "header": [],
      "index": 0,
      "pageNumber": 1,
      "tables": [
        {
          "columns": [
            {
              "align": "left",
              "key": "product",
              "widthPx": 340.15748031496065,
              "xPx": 0,
            },
            {
              "align": "left",
              "key": "category",
              "widthPx": 226.7716535433071,
              "xPx": 340.15748031496065,
            },
            {
              "align": "right",
              "key": "units",
              "widthPx": 132.28346456692913,
              "xPx": 566.9291338582677,
            },
            {
              "align": "right",
              "key": "unitPrice",
              "widthPx": 154.96062992125985,
              "xPx": 699.2125984251968,
            },
            {
              "align": "right",
              "key": "revenue",
              "widthPx": 154.96062992125985,
              "xPx": 854.1732283464567,
            },
          ],
          "elementId": "el_rpt_table",
          "headerRepeated": false,
          "heightPx": 483.0992125984252,
          "isFirstSlice": true,
          "isLastSlice": true,
          "overflowsPage": false,
          "rows": [
            {
              "cells": [
                {
                  "align": "left",
                  "columnKey": "product",
                  "lineCount": 1,
                  "text": "Product",
                },
                {
                  "align": "left",
                  "columnKey": "category",
                  "lineCount": 1,
                  "text": "Category",
                },
                {
                  "align": "right",
                  "columnKey": "units",
                  "lineCount": 1,
                  "text": "Units",
                },
                {
                  "align": "right",
                  "columnKey": "unitPrice",
                  "lineCount": 1,
                  "text": "Unit Price",
                },
                {
                  "align": "right",
                  "columnKey": "revenue",
                  "lineCount": 1,
                  "text": "Revenue",
                },
              ],
              "heightPx": 21.959055118110236,
              "kind": "header",
              "yPx": 143.6220472440945,
            },
            {
              "cells": [
                {
                  "align": "left",
                  "columnKey": "product",
                  "lineCount": 1,
                  "text": "",
                },
                {
                  "align": "left",
                  "columnKey": "category",
                  "lineCount": 1,
                  "text": "",
                },
                {
                  "align": "right",
                  "columnKey": "units",
                  "lineCount": 1,
                  "text": "",
                },
                {
                  "align": "right",
                  "columnKey": "unitPrice",
                  "lineCount": 1,
                  "text": "",
                },
                {
                  "align": "right",
                  "columnKey": "revenue",
                  "lineCount": 1,
                  "text": "",
                },
              ],
              "continuedHeightPx": 21.959055118110236,
              "continuedLabel": {
                "align": "left",
                "lineCount": 1,
                "text": "Region: North (continued)",
              },
              "groupIndex": 0,
              "heightPx": 21.959055118110236,
              "kind": "groupHeader",
              "label": {
                "align": "left",
                "lineCount": 1,
                "text": "Region: North",
              },
              "yPx": 165.58110236220472,
            },
            {
              "cells": [
                {
                  "align": "left",
                  "columnKey": "product",
                  "lineCount": 1,
                  "text": "Aurora Desk Lamp",
                },
                {
                  "align": "left",
                  "columnKey": "category",
                  "lineCount": 1,
                  "text": "Lighting",
                },
                {
                  "align": "right",
                  "columnKey": "units",
                  "lineCount": 1,
                  "text": "120",
                },
                {
                  "align": "right",
                  "columnKey": "unitPrice",
                  "lineCount": 1,
                  "text": "$45.00",
                },
                {
                  "align": "right",
                  "columnKey": "revenue",
                  "lineCount": 1,
                  "text": "$5,400.00",
                },
              ],
              "groupIndex": 0,
              "heightPx": 21.959055118110236,
              "index": 0,
              "kind": "detail",
              "yPx": 187.54015748031495,
            },
            {
              "cells": [
                {
                  "align": "left",
                  "columnKey": "product",
                  "lineCount": 1,
                  "text": "Borealis Floor Lamp",
                },
                {
                  "align": "left",
                  "columnKey": "category",
                  "lineCount": 1,
                  "text": "Lighting",
                },
                {
                  "align": "right",
                  "columnKey": "units",
                  "lineCount": 1,
                  "text": "64",
                },
                {
                  "align": "right",
                  "columnKey": "unitPrice",
                  "lineCount": 1,
                  "text": "$110.00",
                },
                {
                  "align": "right",
                  "columnKey": "revenue",
                  "lineCount": 1,
                  "text": "$7,040.00",
                },
              ],
              "groupIndex": 0,
              "heightPx": 21.959055118110236,
              "index": 1,
              "kind": "detail",
              "yPx": 209.49921259842517,
            },
            {
              "cells": [
                {
                  "align": "left",
                  "columnKey": "product",
                  "lineCount": 1,
                  "text": "Cedar Side Table",
                },
                {
                  "align": "left",
                  "columnKey": "category",
                  "lineCount": 1,
                  "text": "Furniture",
                },
                {
                  "align": "right",
                  "columnKey": "units",
                  "lineCount": 1,
                  "text": "38",
                },
                {
                  "align": "right",
                  "columnKey": "unitPrice",
                  "lineCount": 1,
                  "text": "$130.00",
                },
                {
                  "align": "right",
                  "columnKey": "revenue",
                  "lineCount": 1,
                  "text": "$4,940.00",
                },
              ],
              "groupIndex": 0,
              "heightPx": 21.959055118110236,
              "index": 2,
              "kind": "detail",
              "yPx": 231.4582677165354,
            },
            {
              "cells": [
                {
                  "align": "left",
                  "columnKey": "product",
                  "lineCount": 1,
                  "text": "Dune Lounge Chair",
                },
                {
                  "align": "left",
                  "columnKey": "category",
                  "lineCount": 1,
                  "text": "Furniture",
                },
                {
                  "align": "right",
                  "columnKey": "units",
                  "lineCount": 1,
                  "text": "22",
                },
                {
                  "align": "right",
                  "columnKey": "unitPrice",
                  "lineCount": 1,
                  "text": "$320.00",
                },
                {
                  "align": "right",
                  "columnKey": "revenue",
                  "lineCount": 1,
                  "text": "$7,040.00",
                },
              ],
              "groupIndex": 0,
              "heightPx": 21.959055118110236,
              "index": 3,
              "kind": "detail",
              "yPx": 253.41732283464563,
            },
            {
              "cells": [
                {
                  "align": "left",
                  "columnKey": "product",
                  "lineCount": 1,
                  "text": "",
                },
                {
                  "align": "left",
                  "columnKey": "category",
                  "lineCount": 1,
                  "text": "",
                },
                {
                  "align": "right",
                  "columnKey": "units",
                  "lineCount": 1,
                  "text": "244",
                },
                {
                  "align": "right",
                  "columnKey": "unitPrice",
                  "lineCount": 1,
                  "text": "",
                },
                {
                  "align": "right",
                  "columnKey": "revenue",
                  "lineCount": 1,
                  "text": "$24,420.00",
                },
              ],
              "groupIndex": 0,
              "heightPx": 21.959055118110236,
              "kind": "groupFooter",
              "yPx": 275.3763779527559,
            },
            {
              "cells": [
                {
                  "align": "left",
                  "columnKey": "product",
                  "lineCount": 1,
                  "text": "",
                },
                {
                  "align": "left",
                  "columnKey": "category",
                  "lineCount": 1,
                  "text": "",
                },
                {
                  "align": "right",
                  "columnKey": "units",
                  "lineCount": 1,
                  "text": "",
                },
                {
                  "align": "right",
                  "columnKey": "unitPrice",
                  "lineCount": 1,
                  "text": "",
                },
                {
                  "align": "right",
                  "columnKey": "revenue",
                  "lineCount": 1,
                  "text": "",
                },
              ],
              "continuedHeightPx": 21.959055118110236,
              "continuedLabel": {
                "align": "left",
                "lineCount": 1,
                "text": "Region: South (continued)",
              },
              "groupIndex": 1,
              "heightPx": 21.959055118110236,
              "kind": "groupHeader",
              "label": {
                "align": "left",
                "lineCount": 1,
                "text": "Region: South",
              },
              "yPx": 297.33543307086615,
            },
            {
              "cells": [
                {
                  "align": "left",
                  "columnKey": "product",
                  "lineCount": 1,
                  "text": "Ember Pendant",
                },
                {
                  "align": "left",
                  "columnKey": "category",
                  "lineCount": 1,
                  "text": "Lighting",
                },
                {
                  "align": "right",
                  "columnKey": "units",
                  "lineCount": 1,
                  "text": "95",
                },
                {
                  "align": "right",
                  "columnKey": "unitPrice",
                  "lineCount": 1,
                  "text": "$75.00",
                },
                {
                  "align": "right",
                  "columnKey": "revenue",
                  "lineCount": 1,
                  "text": "$7,125.00",
                },
              ],
              "groupIndex": 1,
              "heightPx": 21.959055118110236,
              "index": 4,
              "kind": "detail",
              "yPx": 319.2944881889764,
            },
            {
              "cells": [
                {
                  "align": "left",
                  "columnKey": "product",
                  "lineCount": 1,
                  "text": "Fjord Bookshelf",
                },
                {
                  "align": "left",
                  "columnKey": "category",
                  "lineCount": 1,
                  "text": "Furniture",
                },
                {
                  "align": "right",
                  "columnKey": "units",
                  "lineCount": 1,
                  "text": "30",
                },
                {
                  "align": "right",
                  "columnKey": "unitPrice",
                  "lineCount": 1,
                  "text": "$210.00",
                },
                {
                  "align": "right",
                  "columnKey": "revenue",
                  "lineCount": 1,
                  "text": "$6,300.00",
                },
              ],
              "groupIndex": 1,
              "heightPx": 21.959055118110236,
              "index": 5,
              "kind": "detail",
              "yPx": 341.25354330708666,
            },
            {
              "cells": [
                {
                  "align": "left",
                  "columnKey": "product",
                  "lineCount": 1,
                  "text": "Grove Coffee Table",
                },
                {
                  "align": "left",
                  "columnKey": "category",
                  "lineCount": 1,
                  "text": "Furniture",
                },
                {
                  "align": "right",
                  "columnKey": "units",
                  "lineCount": 1,
                  "text": "41",
                },
                {
                  "align": "right",
                  "columnKey": "unitPrice",
                  "lineCount": 1,
                  "text": "$160.00",
                },
                {
                  "align": "right",
                  "columnKey": "revenue",
                  "lineCount": 1,
                  "text": "$6,560.00",
                },
              ],
              "groupIndex": 1,
              "heightPx": 21.959055118110236,
              "index": 6,
              "kind": "detail",
              "yPx": 363.2125984251969,
            },
            {
              "cells": [
                {
                  "align": "left",
                  "columnKey": "product",
                  "lineCount": 1,
                  "text": "Harbor Wall Sconce",
                },
                {
                  "align": "left",
                  "columnKey": "category",
                  "lineCount": 1,
                  "text": "Lighting",
                },
                {
                  "align": "right",
                  "columnKey": "units",
                  "lineCount": 1,
                  "text": "150",
                },
                {
                  "align": "right",
                  "columnKey": "unitPrice",
                  "lineCount": 1,
                  "text": "$38.00",
                },
                {
                  "align": "right",
                  "columnKey": "revenue",
                  "lineCount": 1,
                  "text": "$5,700.00",
                },
              ],
              "groupIndex": 1,
              "heightPx": 21.959055118110236,
              "index": 7,
              "kind": "detail",
              "yPx": 385.1716535433072,
            },
            {
              "cells": [
                {
                  "align": "left",
                  "columnKey": "product",
                  "lineCount": 1,
                  "text": "Isle Bar Stool",
                },
                {
                  "align": "left",
                  "columnKey": "category",
                  "lineCount": 1,
                  "text": "Furniture",
                },
                {
                  "align": "right",
                  "columnKey": "units",
                  "lineCount": 1,
                  "text": "88",
                },
                {
                  "align": "right",
                  "columnKey": "unitPrice",
                  "lineCount": 1,
                  "text": "$95.00",
                },
                {
                  "align": "right",
                  "columnKey": "revenue",
                  "lineCount": 1,
                  "text": "$8,360.00",
                },
              ],
              "groupIndex": 1,
              "heightPx": 21.959055118110236,
              "index": 8,
              "kind": "detail",
              "yPx": 407.13070866141743,
            },
            {
              "cells": [
                {
                  "align": "left",
                  "columnKey": "product",
                  "lineCount": 1,
                  "text": "",
                },
                {
                  "align": "left",
                  "columnKey": "category",
                  "lineCount": 1,
                  "text": "",
                },
                {
                  "align": "right",
                  "columnKey": "units",
                  "lineCount": 1,
                  "text": "404",
                },
                {
                  "align": "right",
                  "columnKey": "unitPrice",
                  "lineCount": 1,
                  "text": "",
                },
                {
                  "align": "right",
                  "columnKey": "revenue",
                  "lineCount": 1,
                  "text": "$34,045.00",
                },
              ],
              "groupIndex": 1,
              "heightPx": 21.959055118110236,
              "kind": "groupFooter",
              "yPx": 429.0897637795277,
            },
            {
              "cells": [
                {
                  "align": "left",
                  "columnKey": "product",
                  "lineCount": 1,
                  "text": "",
                },
                {
                  "align": "left",
                  "columnKey": "category",
                  "lineCount": 1,
                  "text": "",
                },
                {
                  "align": "right",
                  "columnKey": "units",
                  "lineCount": 1,
                  "text": "",
                },
                {
                  "align": "right",
                  "columnKey": "unitPrice",
                  "lineCount": 1,
                  "text": "",
                },
                {
                  "align": "right",
                  "columnKey": "revenue",
                  "lineCount": 1,
                  "text": "",
                },
              ],
              "continuedHeightPx": 21.959055118110236,
              "continuedLabel": {
                "align": "left",
                "lineCount": 1,
                "text": "Region: West (continued)",
              },
              "groupIndex": 2,
              "heightPx": 21.959055118110236,
              "kind": "groupHeader",
              "label": {
                "align": "left",
                "lineCount": 1,
                "text": "Region: West",
              },
              "yPx": 451.04881889763794,
            },
            {
              "cells": [
                {
                  "align": "left",
                  "columnKey": "product",
                  "lineCount": 1,
                  "text": "Juniper Reading Lamp",
                },
                {
                  "align": "left",
                  "columnKey": "category",
                  "lineCount": 1,
                  "text": "Lighting",
                },
                {
                  "align": "right",
                  "columnKey": "units",
                  "lineCount": 1,
                  "text": "110",
                },
                {
                  "align": "right",
                  "columnKey": "unitPrice",
                  "lineCount": 1,
                  "text": "$52.00",
                },
                {
                  "align": "right",
                  "columnKey": "revenue",
                  "lineCount": 1,
                  "text": "$5,720.00",
                },
              ],
              "groupIndex": 2,
              "heightPx": 21.959055118110236,
              "index": 9,
              "kind": "detail",
              "yPx": 473.0078740157482,
            },
            {
              "cells": [
                {
                  "align": "left",
                  "columnKey": "product",
                  "lineCount": 1,
                  "text": "Kelp Dining Chair",
                },
                {
                  "align": "left",
                  "columnKey": "category",
                  "lineCount": 1,
                  "text": "Furniture",
                },
                {
                  "align": "right",
                  "columnKey": "units",
                  "lineCount": 1,
                  "text": "76",
                },
                {
                  "align": "right",
                  "columnKey": "unitPrice",
                  "lineCount": 1,
                  "text": "$140.00",
                },
                {
                  "align": "right",
                  "columnKey": "revenue",
                  "lineCount": 1,
                  "text": "$10,640.00",
                },
              ],
              "groupIndex": 2,
              "heightPx": 21.959055118110236,
              "index": 10,
              "kind": "detail",
              "yPx": 494.96692913385846,
            },
            {
              "cells": [
                {
                  "align": "left",
                  "columnKey": "product",
                  "lineCount": 1,
                  "text": "Larch Console",
                },
                {
                  "align": "left",
                  "columnKey": "category",
                  "lineCount": 1,
                  "text": "Furniture",
                },
                {
                  "align": "right",
                  "columnKey": "units",
                  "lineCount": 1,
                  "text": "19",
                },
                {
                  "align": "right",
                  "columnKey": "unitPrice",
                  "lineCount": 1,
                  "text": "$290.00",
                },
                {
                  "align": "right",
                  "columnKey": "revenue",
                  "lineCount": 1,
                  "text": "$5,510.00",
                },
              ],
              "groupIndex": 2,
              "heightPx": 21.959055118110236,
              "index": 11,
              "kind": "detail",
              "yPx": 516.9259842519687,
            },
            {
              "cells": [
                {
                  "align": "left",
                  "columnKey": "product",
                  "lineCount": 1,
                  "text": "Maple Task Light",
                },
                {
                  "align": "left",
                  "columnKey": "category",
                  "lineCount": 1,
                  "text": "Lighting",
                },
                {
                  "align": "right",
                  "columnKey": "units",
                  "lineCount": 1,
                  "text": "134",
                },
                {
                  "align": "right",
                  "columnKey": "unitPrice",
                  "lineCount": 1,
                  "text": "$48.00",
                },
                {
                  "align": "right",
                  "columnKey": "revenue",
                  "lineCount": 1,
                  "text": "$6,432.00",
                },
              ],
              "groupIndex": 2,
              "heightPx": 21.959055118110236,
              "index": 12,
              "kind": "detail",
              "yPx": 538.8850393700789,
            },
            {
              "cells": [
                {
                  "align": "left",
                  "columnKey": "product",
                  "lineCount": 1,
                  "text": "Nimbus Accent Lamp",
                },
                {
                  "align": "left",
                  "columnKey": "category",
                  "lineCount": 1,
                  "text": "Lighting",
                },
                {
                  "align": "right",
                  "columnKey": "units",
                  "lineCount": 1,
                  "text": "57",
                },
                {
                  "align": "right",
                  "columnKey": "unitPrice",
                  "lineCount": 1,
                  "text": "$89.00",
                },
                {
                  "align": "right",
                  "columnKey": "revenue",
                  "lineCount": 1,
                  "text": "$5,073.00",
                },
              ],
              "groupIndex": 2,
              "heightPx": 21.959055118110236,
              "index": 13,
              "kind": "detail",
              "yPx": 560.8440944881891,
            },
            {
              "cells": [
                {
                  "align": "left",
                  "columnKey": "product",
                  "lineCount": 1,
                  "text": "",
                },
                {
                  "align": "left",
                  "columnKey": "category",
                  "lineCount": 1,
                  "text": "",
                },
                {
                  "align": "right",
                  "columnKey": "units",
                  "lineCount": 1,
                  "text": "396",
                },
                {
                  "align": "right",
                  "columnKey": "unitPrice",
                  "lineCount": 1,
                  "text": "",
                },
                {
                  "align": "right",
                  "columnKey": "revenue",
                  "lineCount": 1,
                  "text": "$33,375.00",
                },
              ],
              "groupIndex": 2,
              "heightPx": 21.959055118110236,
              "kind": "groupFooter",
              "yPx": 582.8031496062993,
            },
            {
              "cells": [
                {
                  "align": "left",
                  "columnKey": "product",
                  "lineCount": 1,
                  "text": "",
                },
                {
                  "align": "left",
                  "columnKey": "category",
                  "lineCount": 1,
                  "text": "",
                },
                {
                  "align": "right",
                  "columnKey": "units",
                  "lineCount": 1,
                  "text": "1044",
                },
                {
                  "align": "right",
                  "columnKey": "unitPrice",
                  "lineCount": 1,
                  "text": "",
                },
                {
                  "align": "right",
                  "columnKey": "revenue",
                  "lineCount": 1,
                  "text": "$91,840.00",
                },
              ],
              "heightPx": 21.959055118110236,
              "kind": "columnFooter",
              "yPx": 604.7622047244095,
            },
          ],
          "yPx": 143.6220472440945,
        },
      ],
    },
  ],
  "watermark": null,
}
`;
