// Vitest Snapshot v1, https://vitest.dev/guide/snapshot.html

exports[`layoutStaticPage — certificate golden snapshot > matches the committed baseline layout 1`] = `
{
  "elements": [
    {
      "band": "body",
      "boxPx": {
        "hPx": 718.1102362204724,
        "wPx": 1046.9291338582677,
        "xPx": 37.795275590551185,
        "yPx": 37.795275590551185,
      },
      "clippedPx": {
        "hPx": 718.1102362204724,
        "wPx": 1046.9291338582677,
        "xPx": 37.795275590551185,
        "yPx": 37.795275590551185,
      },
      "frameMm": {
        "hMm": 190,
        "wMm": 277,
        "xMm": 10,
        "yMm": 10,
      },
      "id": "el_cert_border",
      "order": 0,
      "overflowsPage": false,
      "type": "shape",
      "z": 0,
    },
    {
      "band": "body",
      "boxPx": {
        "hPx": 0,
        "wPx": 820.1574803149607,
        "xPx": 151.18110236220474,
        "yPx": 279.68503937007875,
      },
      "clippedPx": {
        "hPx": 0,
        "wPx": 820.1574803149607,
        "xPx": 151.18110236220474,
        "yPx": 279.68503937007875,
      },
      "frameMm": {
        "hMm": 0,
        "wMm": 217,
        "xMm": 40,
        "yMm": 74,
      },
      "id": "el_cert_rule",
      "order": 1,
      "overflowsPage": false,
      "type": "shape",
      "z": 1,
    },
    {
      "band": "body",
      "boxPx": {
        "hPx": 151.18110236220474,
        "wPx": 151.18110236220474,
        "xPx": 483.7795275590551,
        "yPx": 566.9291338582677,
      },
      "clippedPx": {
        "hPx": 151.18110236220474,
        "wPx": 151.18110236220474,
        "xPx": 483.7795275590551,
        "yPx": 566.9291338582677,
      },
      "frameMm": {
        "hMm": 40,
        "wMm": 40,
        "xMm": 128,
        "yMm": 150,
      },
      "id": "el_cert_seal",
      "order": 2,
      "overflowsPage": false,
      "type": "shape",
      "z": 1,
    },
    {
      "band": "body",
      "boxPx": {
        "hPx": 52.91338582677166,
        "wPx": 151.18110236220474,
        "xPx": 483.7795275590551,
        "yPx": 83.14960629921259,
      },
      "clippedPx": {
        "hPx": 52.91338582677166,
        "wPx": 151.18110236220474,
        "xPx": 483.7795275590551,
        "yPx": 83.14960629921259,
      },
      "frameMm": {
        "hMm": 14,
        "wMm": 40,
        "xMm": 128,
        "yMm": 22,
      },
      "id": "el_cert_logo",
      "order": 3,
      "overflowsPage": false,
      "type": "image",
      "z": 2,
    },
    {
      "band": "body",
      "boxPx": {
        "hPx": 60.47244094488189,
        "wPx": 820.1574803149607,
        "xPx": 151.18110236220474,
        "yPx": 166.29921259842519,
      },
      "clippedPx": {
        "hPx": 60.47244094488189,
        "wPx": 820.1574803149607,
        "xPx": 151.18110236220474,
        "yPx": 166.29921259842519,
      },
      "frameMm": {
        "hMm": 16,
        "wMm": 217,
        "xMm": 40,
        "yMm": 44,
      },
      "id": "el_cert_title",
      "order": 4,
      "overflowsPage": false,
      "type": "text",
      "z": 2,
    },
    {
      "band": "body",
      "boxPx": {
        "hPx": 30.236220472440944,
        "wPx": 820.1574803149607,
        "xPx": 151.18110236220474,
        "yPx": 309.9212598425197,
      },
      "clippedPx": {
        "hPx": 30.236220472440944,
        "wPx": 820.1574803149607,
        "xPx": 151.18110236220474,
        "yPx": 309.9212598425197,
      },
      "frameMm": {
        "hMm": 8,
        "wMm": 217,
        "xMm": 40,
        "yMm": 82,
      },
      "id": "el_cert_presented",
      "order": 5,
      "overflowsPage": false,
      "type": "text",
      "z": 2,
    },
    {
      "band": "body",
      "boxPx": {
        "hPx": 52.91338582677166,
        "wPx": 820.1574803149607,
        "xPx": 151.18110236220474,
        "yPx": 347.7165354330709,
      },
      "clippedPx": {
        "hPx": 52.91338582677166,
        "wPx": 820.1574803149607,
        "xPx": 151.18110236220474,
        "yPx": 347.7165354330709,
      },
      "frameMm": {
        "hMm": 14,
        "wMm": 217,
        "xMm": 40,
        "yMm": 92,
      },
      "id": "el_cert_recipient",
      "order": 6,
      "overflowsPage": false,
      "type": "text",
      "z": 2,
    },
    {
      "band": "body",
      "boxPx": {
        "hPx": 30.236220472440944,
        "wPx": 820.1574803149607,
        "xPx": 151.18110236220474,
        "yPx": 415.74803149606305,
      },
      "clippedPx": {
        "hPx": 30.236220472440944,
        "wPx": 820.1574803149607,
        "xPx": 151.18110236220474,
        "yPx": 415.74803149606305,
      },
      "frameMm": {
        "hMm": 8,
        "wMm": 217,
        "xMm": 40,
        "yMm": 110,
      },
      "id": "el_cert_course_intro",
      "order": 7,
      "overflowsPage": false,
      "type": "text",
      "z": 2,
    },
    {
      "band": "body",
      "boxPx": {
        "hPx": 37.795275590551185,
        "wPx": 820.1574803149607,
        "xPx": 151.18110236220474,
        "yPx": 453.5433070866142,
      },
      "clippedPx": {
        "hPx": 37.795275590551185,
        "wPx": 820.1574803149607,
        "xPx": 151.18110236220474,
        "yPx": 453.5433070866142,
      },
      "frameMm": {
        "hMm": 10,
        "wMm": 217,
        "xMm": 40,
        "yMm": 120,
      },
      "id": "el_cert_course",
      "order": 8,
      "overflowsPage": false,
      "type": "text",
      "z": 2,
    },
    {
      "band": "body",
      "boxPx": {
        "hPx": 30.236220472440944,
        "wPx": 415.74803149606305,
        "xPx": 151.18110236220474,
        "yPx": 521.5748031496063,
      },
      "clippedPx": {
        "hPx": 30.236220472440944,
        "wPx": 415.74803149606305,
        "xPx": 151.18110236220474,
        "yPx": 521.5748031496063,
      },
      "frameMm": {
        "hMm": 8,
        "wMm": 110,
        "xMm": 40,
        "yMm": 138,
      },
      "id": "el_cert_date",
      "order": 9,
      "overflowsPage": false,
      "type": "text",
      "z": 2,
    },
    {
      "band": "body",
      "boxPx": {
        "hPx": 30.236220472440944,
        "wPx": 415.74803149606305,
        "xPx": 555.5905511811025,
        "yPx": 521.5748031496063,
      },
      "clippedPx": {
        "hPx": 30.236220472440944,
        "wPx": 415.74803149606305,
        "xPx": 555.5905511811025,
        "yPx": 521.5748031496063,
      },
      "frameMm": {
        "hMm": 8,
        "wMm": 110,
        "xMm": 147,
        "yMm": 138,
      },
      "id": "el_cert_signatory",
      "order": 10,
      "overflowsPage": false,
      "type": "text",
      "z": 2,
    },
    {
      "band": "body",
      "boxPx": {
        "hPx": 30.236220472440944,
        "wPx": 151.18110236220474,
        "xPx": 483.7795275590551,
        "yPx": 627.4015748031496,
      },
      "clippedPx": {
        "hPx": 30.236220472440944,
        "wPx": 151.18110236220474,
        "xPx": 483.7795275590551,
        "yPx": 627.4015748031496,
      },
      "frameMm": {
        "hMm": 8,
        "wMm": 40,
        "xMm": 128,
        "yMm": 166,
      },
      "id": "el_cert_seal_label",
      "order": 11,
      "overflowsPage": false,
      "type": "text",
      "z": 3,
    },
  ],
  "geometry": {
    "dpi": 96,
    "pageMm": {
      "heightMm": 210,
      "widthMm": 297,
    },
    "pagePx": {
      "heightPx": 793.7007874015749,
      "widthPx": 1122.5196850393702,
    },
    "printable": {
      "bottomMm": 20,
      "bottomPx": 75.59055118110237,
      "leftMm": 15,
      "leftPx": 56.69291338582678,
      "rightMm": 15,
      "rightPx": 56.69291338582678,
      "sizeMm": {
        "heightMm": 170,
        "widthMm": 267,
      },
      "sizePx": {
        "heightPx": 642.5196850393702,
        "widthPx": 1009.1338582677166,
      },
      "topMm": 20,
      "topPx": 75.59055118110237,
    },
  },
}
`;
