// Vitest Snapshot v1, https://vitest.dev/guide/snapshot.html

exports[`paginate — tabular-report golden > matches the page-model snapshot 1`] = `
{
  "geometry": {
    "dpi": 96,
    "pageMm": {
      "heightMm": 210,
      "widthMm": 297,
    },
    "pagePx": {
      "heightPx": 793.7007874015749,
      "widthPx": 1122.5196850393702,
    },
    "printable": {
      "bottomMm": 20,
      "bottomPx": 75.59055118110237,
      "leftMm": 15,
      "leftPx": 56.69291338582678,
      "rightMm": 15,
      "rightPx": 56.69291338582678,
      "sizeMm": {
        "heightMm": 170,
        "widthMm": 267,
      },
      "sizePx": {
        "heightPx": 642.5196850393702,
        "widthPx": 1009.1338582677166,
      },
      "topMm": 20,
      "topPx": 75.59055118110237,
    },
  },
  "pageCount": 1,
  "pages": [
    {
      "elements": [
        {
          "band": "body",
          "boxPx": {
            "hPx": 37.795275590551185,
            "wPx": 755.9055118110236,
            "xPx": 56.69291338582678,
            "yPx": 60.47244094488189,
          },
          "clippedPx": {
            "hPx": 37.795275590551185,
            "wPx": 755.9055118110236,
            "xPx": 56.69291338582678,
            "yPx": 60.47244094488189,
          },
          "frameMm": {
            "hMm": 10,
            "wMm": 200,
            "xMm": 15,
            "yMm": 16,
          },
          "id": "el_rpt_title",
          "order": 0,
          "overflowsPage": false,
          "type": "text",
          "z": 1,
        },
        {
          "band": "body",
          "boxPx": {
            "hPx": 22.67716535433071,
            "wPx": 755.9055118110236,
            "xPx": 56.69291338582678,
            "yPx": 102.0472440944882,
          },
          "clippedPx": {
            "hPx": 22.67716535433071,
            "wPx": 755.9055118110236,
            "xPx": 56.69291338582678,
            "yPx": 102.0472440944882,
          },
          "frameMm": {
            "hMm": 6,
            "wMm": 200,
            "xMm": 15,
            "yMm": 27,
          },
          "id": "el_rpt_period",
          "order": 1,
          "overflowsPage": false,
          "type": "text",
          "z": 1,
        },
      ],
      "index": 0,
      "pageNumber": 1,
      "tables": [
        {
          "columns": [
            {
              "align": "left",
              "key": "product",
              "widthPx": 340.15748031496065,
              "xPx": 0,
            },
            {
              "align": "left",
              "key": "category",
              "widthPx": 226.7716535433071,
              "xPx": 340.15748031496065,
            },
            {
              "align": "right",
              "key": "units",
              "widthPx": 132.28346456692913,
              "xPx": 566.9291338582677,
            },
            {
              "align": "right",
              "key": "unitPrice",
              "widthPx": 154.96062992125985,
              "xPx": 699.2125984251968,
            },
            {
              "align": "right",
              "key": "revenue",
              "widthPx": 154.96062992125985,
              "xPx": 854.1732283464567,
            },
          ],
          "elementId": "el_rpt_table",
          "headerRepeated": false,
          "heightPx": 351.344881889764,
          "isFirstSlice": true,
          "isLastSlice": true,
          "overflowsPage": false,
          "rows": [
            {
              "cells": [
                {
                  "align": "left",
                  "columnKey": "product",
                  "lineCount": 1,
                  "text": "Product",
                },
                {
                  "align": "left",
                  "columnKey": "category",
                  "lineCount": 1,
                  "text": "Category",
                },
                {
                  "align": "right",
                  "columnKey": "units",
                  "lineCount": 1,
                  "text": "Units",
                },
                {
                  "align": "right",
                  "columnKey": "unitPrice",
                  "lineCount": 1,
                  "text": "Unit Price",
                },
                {
                  "align": "right",
                  "columnKey": "revenue",
                  "lineCount": 1,
                  "text": "Revenue",
                },
              ],
              "heightPx": 21.959055118110236,
              "kind": "header",
              "yPx": 143.6220472440945,
            },
            {
              "cells": [
                {
                  "align": "left",
                  "columnKey": "product",
                  "lineCount": 1,
                  "text": "Aurora Desk Lamp",
                },
                {
                  "align": "left",
                  "columnKey": "category",
                  "lineCount": 1,
                  "text": "Lighting",
                },
                {
                  "align": "right",
                  "columnKey": "units",
                  "lineCount": 1,
                  "text": "120",
                },
                {
                  "align": "right",
                  "columnKey": "unitPrice",
                  "lineCount": 1,
                  "text": "$45.00",
                },
                {
                  "align": "right",
                  "columnKey": "revenue",
                  "lineCount": 1,
                  "text": "$5,400.00",
                },
              ],
              "heightPx": 21.959055118110236,
              "index": 0,
              "kind": "detail",
              "yPx": 165.58110236220472,
            },
            {
              "cells": [
                {
                  "align": "left",
                  "columnKey": "product",
                  "lineCount": 1,
                  "text": "Borealis Floor Lamp",
                },
                {
                  "align": "left",
                  "columnKey": "category",
                  "lineCount": 1,
                  "text": "Lighting",
                },
                {
                  "align": "right",
                  "columnKey": "units",
                  "lineCount": 1,
                  "text": "64",
                },
                {
                  "align": "right",
                  "columnKey": "unitPrice",
                  "lineCount": 1,
                  "text": "$110.00",
                },
                {
                  "align": "right",
                  "columnKey": "revenue",
                  "lineCount": 1,
                  "text": "$7,040.00",
                },
              ],
              "heightPx": 21.959055118110236,
              "index": 1,
              "kind": "detail",
              "yPx": 187.54015748031495,
            },
            {
              "cells": [
                {
                  "align": "left",
                  "columnKey": "product",
                  "lineCount": 1,
                  "text": "Cedar Side Table",
                },
                {
                  "align": "left",
                  "columnKey": "category",
                  "lineCount": 1,
                  "text": "Furniture",
                },
                {
                  "align": "right",
                  "columnKey": "units",
                  "lineCount": 1,
                  "text": "38",
                },
                {
                  "align": "right",
                  "columnKey": "unitPrice",
                  "lineCount": 1,
                  "text": "$130.00",
                },
                {
                  "align": "right",
                  "columnKey": "revenue",
                  "lineCount": 1,
                  "text": "$4,940.00",
                },
              ],
              "heightPx": 21.959055118110236,
              "index": 2,
              "kind": "detail",
              "yPx": 209.49921259842517,
            },
            {
              "cells": [
                {
                  "align": "left",
                  "columnKey": "product",
                  "lineCount": 1,
                  "text": "Dune Lounge Chair",
                },
                {
                  "align": "left",
                  "columnKey": "category",
                  "lineCount": 1,
                  "text": "Furniture",
                },
                {
                  "align": "right",
                  "columnKey": "units",
                  "lineCount": 1,
                  "text": "22",
                },
                {
                  "align": "right",
                  "columnKey": "unitPrice",
                  "lineCount": 1,
                  "text": "$320.00",
                },
                {
                  "align": "right",
                  "columnKey": "revenue",
                  "lineCount": 1,
                  "text": "$7,040.00",
                },
              ],
              "heightPx": 21.959055118110236,
              "index": 3,
              "kind": "detail",
              "yPx": 231.4582677165354,
            },
            {
              "cells": [
                {
                  "align": "left",
                  "columnKey": "product",
                  "lineCount": 1,
                  "text": "Ember Pendant",
                },
                {
                  "align": "left",
                  "columnKey": "category",
                  "lineCount": 1,
                  "text": "Lighting",
                },
                {
                  "align": "right",
                  "columnKey": "units",
                  "lineCount": 1,
                  "text": "95",
                },
                {
                  "align": "right",
                  "columnKey": "unitPrice",
                  "lineCount": 1,
                  "text": "$75.00",
                },
                {
                  "align": "right",
                  "columnKey": "revenue",
                  "lineCount": 1,
                  "text": "$7,125.00",
                },
              ],
              "heightPx": 21.959055118110236,
              "index": 4,
              "kind": "detail",
              "yPx": 253.41732283464563,
            },
            {
              "cells": [
                {
                  "align": "left",
                  "columnKey": "product",
                  "lineCount": 1,
                  "text": "Fjord Bookshelf",
                },
                {
                  "align": "left",
                  "columnKey": "category",
                  "lineCount": 1,
                  "text": "Furniture",
                },
                {
                  "align": "right",
                  "columnKey": "units",
                  "lineCount": 1,
                  "text": "30",
                },
                {
                  "align": "right",
                  "columnKey": "unitPrice",
                  "lineCount": 1,
                  "text": "$210.00",
                },
                {
                  "align": "right",
                  "columnKey": "revenue",
                  "lineCount": 1,
                  "text": "$6,300.00",
                },
              ],
              "heightPx": 21.959055118110236,
              "index": 5,
              "kind": "detail",
              "yPx": 275.3763779527559,
            },
            {
              "cells": [
                {
                  "align": "left",
                  "columnKey": "product",
                  "lineCount": 1,
                  "text": "Grove Coffee Table",
                },
                {
                  "align": "left",
                  "columnKey": "category",
                  "lineCount": 1,
                  "text": "Furniture",
                },
                {
                  "align": "right",
                  "columnKey": "units",
                  "lineCount": 1,
                  "text": "41",
                },
                {
                  "align": "right",
                  "columnKey": "unitPrice",
                  "lineCount": 1,
                  "text": "$160.00",
                },
                {
                  "align": "right",
                  "columnKey": "revenue",
                  "lineCount": 1,
                  "text": "$6,560.00",
                },
              ],
              "heightPx": 21.959055118110236,
              "index": 6,
              "kind": "detail",
              "yPx": 297.33543307086615,
            },
            {
              "cells": [
                {
                  "align": "left",
                  "columnKey": "product",
                  "lineCount": 1,
                  "text": "Harbor Wall Sconce",
                },
                {
                  "align": "left",
                  "columnKey": "category",
                  "lineCount": 1,
                  "text": "Lighting",
                },
                {
                  "align": "right",
                  "columnKey": "units",
                  "lineCount": 1,
                  "text": "150",
                },
                {
                  "align": "right",
                  "columnKey": "unitPrice",
                  "lineCount": 1,
                  "text": "$38.00",
                },
                {
                  "align": "right",
                  "columnKey": "revenue",
                  "lineCount": 1,
                  "text": "$5,700.00",
                },
              ],
              "heightPx": 21.959055118110236,
              "index": 7,
              "kind": "detail",
              "yPx": 319.2944881889764,
            },
            {
              "cells": [
                {
                  "align": "left",
                  "columnKey": "product",
                  "lineCount": 1,
                  "text": "Isle Bar Stool",
                },
                {
                  "align": "left",
                  "columnKey": "category",
                  "lineCount": 1,
                  "text": "Furniture",
                },
                {
                  "align": "right",
                  "columnKey": "units",
                  "lineCount": 1,
                  "text": "88",
                },
                {
                  "align": "right",
                  "columnKey": "unitPrice",
                  "lineCount": 1,
                  "text": "$95.00",
                },
                {
                  "align": "right",
                  "columnKey": "revenue",
                  "lineCount": 1,
                  "text": "$8,360.00",
                },
              ],
              "heightPx": 21.959055118110236,
              "index": 8,
              "kind": "detail",
              "yPx": 341.25354330708666,
            },
            {
              "cells": [
                {
                  "align": "left",
                  "columnKey": "product",
                  "lineCount": 1,
                  "text": "Juniper Reading Lamp",
                },
                {
                  "align": "left",
                  "columnKey": "category",
                  "lineCount": 1,
                  "text": "Lighting",
                },
                {
                  "align": "right",
                  "columnKey": "units",
                  "lineCount": 1,
                  "text": "110",
                },
                {
                  "align": "right",
                  "columnKey": "unitPrice",
                  "lineCount": 1,
                  "text": "$52.00",
                },
                {
                  "align": "right",
                  "columnKey": "revenue",
                  "lineCount": 1,
                  "text": "$5,720.00",
                },
              ],
              "heightPx": 21.959055118110236,
              "index": 9,
              "kind": "detail",
              "yPx": 363.2125984251969,
            },
            {
              "cells": [
                {
                  "align": "left",
                  "columnKey": "product",
                  "lineCount": 1,
                  "text": "Kelp Dining Chair",
                },
                {
                  "align": "left",
                  "columnKey": "category",
                  "lineCount": 1,
                  "text": "Furniture",
                },
                {
                  "align": "right",
                  "columnKey": "units",
                  "lineCount": 1,
                  "text": "76",
                },
                {
                  "align": "right",
                  "columnKey": "unitPrice",
                  "lineCount": 1,
                  "text": "$140.00",
                },
                {
                  "align": "right",
                  "columnKey": "revenue",
                  "lineCount": 1,
                  "text": "$10,640.00",
                },
              ],
              "heightPx": 21.959055118110236,
              "index": 10,
              "kind": "detail",
              "yPx": 385.1716535433072,
            },
            {
              "cells": [
                {
                  "align": "left",
                  "columnKey": "product",
                  "lineCount": 1,
                  "text": "Larch Console",
                },
                {
                  "align": "left",
                  "columnKey": "category",
                  "lineCount": 1,
                  "text": "Furniture",
                },
                {
                  "align": "right",
                  "columnKey": "units",
                  "lineCount": 1,
                  "text": "19",
                },
                {
                  "align": "right",
                  "columnKey": "unitPrice",
                  "lineCount": 1,
                  "text": "$290.00",
                },
                {
                  "align": "right",
                  "columnKey": "revenue",
                  "lineCount": 1,
                  "text": "$5,510.00",
                },
              ],
              "heightPx": 21.959055118110236,
              "index": 11,
              "kind": "detail",
              "yPx": 407.13070866141743,
            },
            {
              "cells": [
                {
                  "align": "left",
                  "columnKey": "product",
                  "lineCount": 1,
                  "text": "Maple Task Light",
                },
                {
                  "align": "left",
                  "columnKey": "category",
                  "lineCount": 1,
                  "text": "Lighting",
                },
                {
                  "align": "right",
                  "columnKey": "units",
                  "lineCount": 1,
                  "text": "134",
                },
                {
                  "align": "right",
                  "columnKey": "unitPrice",
                  "lineCount": 1,
                  "text": "$48.00",
                },
                {
                  "align": "right",
                  "columnKey": "revenue",
                  "lineCount": 1,
                  "text": "$6,432.00",
                },
              ],
              "heightPx": 21.959055118110236,
              "index": 12,
              "kind": "detail",
              "yPx": 429.0897637795277,
            },
            {
              "cells": [
                {
                  "align": "left",
                  "columnKey": "product",
                  "lineCount": 1,
                  "text": "Nimbus Accent Lamp",
                },
                {
                  "align": "left",
                  "columnKey": "category",
                  "lineCount": 1,
                  "text": "Lighting",
                },
                {
                  "align": "right",
                  "columnKey": "units",
                  "lineCount": 1,
                  "text": "57",
                },
                {
                  "align": "right",
                  "columnKey": "unitPrice",
                  "lineCount": 1,
                  "text": "$89.00",
                },
                {
                  "align": "right",
                  "columnKey": "revenue",
                  "lineCount": 1,
                  "text": "$5,073.00",
                },
              ],
              "heightPx": 21.959055118110236,
              "index": 13,
              "kind": "detail",
              "yPx": 451.04881889763794,
            },
            {
              "cells": [
                {
                  "align": "left",
                  "columnKey": "product",
                  "lineCount": 1,
                  "text": "",
                },
                {
                  "align": "left",
                  "columnKey": "category",
                  "lineCount": 1,
                  "text": "",
                },
                {
                  "align": "right",
                  "columnKey": "units",
                  "lineCount": 1,
                  "text": "1044",
                },
                {
                  "align": "right",
                  "columnKey": "unitPrice",
                  "lineCount": 1,
                  "text": "",
                },
                {
                  "align": "right",
                  "columnKey": "revenue",
                  "lineCount": 1,
                  "text": "$91,840.00",
                },
              ],
              "heightPx": 21.959055118110236,
              "kind": "columnFooter",
              "yPx": 473.0078740157482,
            },
          ],
          "yPx": 143.6220472440945,
        },
      ],
    },
  ],
}
`;
